[cmsaddons.net/html/funimal/index.html]
[backblue.gif]
[fade.gif]
[index.html]
[cmsaddons.net/html/funimal/plugin/modernizr.js]
[vjs.zencdn.net/ie8/1.1.2/videojs-ie8.min.js]
[cmsaddons.net/html/funimal/index-2.html]
[cmsaddons.net/html/funimal/images/logo/logo.png]
[cmsaddons.net/html/funimal/1.2-home-left-menu.html]
[cmsaddons.net/html/funimal/1.3-home-one-page.html]
[cmsaddons.net/html/funimal/1.4-home-shop.html]
[cmsaddons.net/html/funimal/1.5-home-dark.html]
[cmsaddons.net/html/funimal/1.6-home-portfolio.html]
[cmsaddons.net/html/funimal/2.1-about-page.html]
[cmsaddons.net/html/funimal/2.2-contact-page.html]
[cmsaddons.net/html/funimal/2.3-404-page.html]
[cmsaddons.net/html/funimal/3.1-service-1.html]
[cmsaddons.net/html/funimal/3.2-service-2.html]
[cmsaddons.net/html/funimal/3.3-one-service.html]
[cmsaddons.net/html/funimal/4.1-portfolio-grid.html]
[cmsaddons.net/html/funimal/4.2-portfolio-masonry.html]
[cmsaddons.net/html/funimal/4.3-single-portfolio-image.html]
[cmsaddons.net/html/funimal/4.4-single-portfolio-slider.html]
[cmsaddons.net/html/funimal/4.5-single-portfolio-audio.html]
[cmsaddons.net/html/funimal/4.6-single-portfolio-video.html]
[cmsaddons.net/html/funimal/5.1-blog-list.html]
[cmsaddons.net/html/funimal/5.2-blog-grid.html]
[cmsaddons.net/html/funimal/5.3-single-blog.html]
[cmsaddons.net/html/funimal/6.1-button-element.html]
[cmsaddons.net/html/funimal/6.2-iconbox-element.html]
[cmsaddons.net/html/funimal/6.3-alertbox-element.html]
[cmsaddons.net/html/funimal/6.4-tab-element.html]
[cmsaddons.net/html/funimal/6.5-heading-element.html]
[cmsaddons.net/html/funimal/6.6-divider-element.html]
[cmsaddons.net/html/funimal/6.7-icon-element.html]
[cmsaddons.net/html/funimal/6.8-color-element.html]
[cmsaddons.net/html/funimal/6.9-typography-element.html]
[cmsaddons.net/html/funimal/7.1-shop.html]
[cmsaddons.net/html/funimal/7.2-single-product.html]
[cmsaddons.net/html/funimal/7.3-shop-cart.html]
[cmsaddons.net/html/funimal/7.4-shop-checkout.html]
[cmsaddons.net/html/funimal/images/home/banner/banner1.jpg]
[cmsaddons.net/html/funimal/images/home/banner/banner2.jpg]
[cmsaddons.net/html/funimal/images/home/banner/banner3.jpg]
[cmsaddons.net/html/funimal/images/home/banner/banner4.jpg]
[cmsaddons.net/html/funimal/images/home/banner/banner5.jpg]
[cmsaddons.net/html/funimal/images/home/default/img.jpg]
[cmsaddons.net/html/funimal/images/home/default/img1.jpg]
[cmsaddons.net/html/funimal/images/home/icon/icon-2.png]
[cmsaddons.net/html/funimal/images/home/icon/icon-1-1.png]
[cmsaddons.net/html/funimal/images/home/icon/icon-1.png]
[cmsaddons.net/html/funimal/images/home/icon/icon.png]
[cmsaddons.net/html/funimal/images/home/default/1.jpg]
[cmsaddons.net/html/funimal/images/home/default/2.jpg]
[cmsaddons.net/html/funimal/images/home/default/3.jpg]
[cmsaddons.net/html/funimal/images/home/default/4.jpg]
[cmsaddons.net/html/funimal/images/home/default/5.jpg]
[cmsaddons.net/html/funimal/images/home/default/6.jpg]
[cmsaddons.net/html/funimal/images/home/default/7.jpg]
[cmsaddons.net/html/funimal/images/home/default/8.jpg]
[cmsaddons.net/html/funimal/images/home/default/img5.jpg]
[cmsaddons.net/html/funimal/images/home/default/img6.jpg]
[cmsaddons.net/html/funimal/images/home/default/img7.jpg]
[cmsaddons.net/html/funimal/images/testimonial/testimonial-1.jpg]
[cmsaddons.net/html/funimal/images/testimonial/testimonial-2.jpg]
[cmsaddons.net/html/funimal/images/testimonial/testimonial-3.jpg]
[cmsaddons.net/html/funimal/images/testimonial/testimonial-4.jpg]
[cmsaddons.net/html/funimal/images/testimonial/testimonial-5.jpg]
[cmsaddons.net/html/funimal/images/home/client/1.png]
[cmsaddons.net/html/funimal/images/home/client/2.png]
[cmsaddons.net/html/funimal/images/home/client/3.png]
[cmsaddons.net/html/funimal/images/home/client/4.png]
[cmsaddons.net/html/funimal/images/home/client/5.png]
[cmsaddons.net/html/funimal/images/home/client/6.png]
[cmsaddons.net/html/funimal/plugin/jquery/jquery-2.0.2.min.js]
[cmsaddons.net/html/funimal/plugin/plugin.min.js]
[cmsaddons.net/html/funimal/plugin/main.js]
[cmsaddons.net/html/funimal/plugin/custom.js]
[img1.wsimg.com/tcc/tcc_l.combined.1.0.6.min.js]
[cmsaddons.net/html/funimal/index.html]
[cmsaddons.net/html/funimal/plugin/fonts/transfonter/Raleway-LightItalic.eot]
[cmsaddons.net/html/funimal/plugin/fonts/transfonter/Raleway-LightItalicd41d.eot]
[cmsaddons.net/html/funimal/plugin/fonts/transfonter/Raleway-LightItalic.woff]
[cmsaddons.net/html/funimal/plugin/fonts/transfonter/Raleway-LightItalic.ttf]
[cmsaddons.net/html/funimal/plugin/fonts/transfonter/Raleway-BoldItalic.eot]
[cmsaddons.net/html/funimal/plugin/fonts/transfonter/Raleway-BoldItalic.woff]
[cmsaddons.net/html/funimal/plugin/fonts/transfonter/Raleway-BoldItalicd41d.eot]
[cmsaddons.net/html/funimal/plugin/fonts/transfonter/Raleway-BoldItalic.ttf]
[cmsaddons.net/html/funimal/plugin/fonts/transfonter/Raleway-Italic.eot]
[cmsaddons.net/html/funimal/plugin/fonts/transfonter/Raleway-Italicd41d.eot]
[cmsaddons.net/html/funimal/plugin/fonts/transfonter/Raleway-Italic.woff]
[cmsaddons.net/html/funimal/plugin/fonts/transfonter/Raleway-Italic.ttf]
[cmsaddons.net/html/funimal/plugin/fonts/transfonter/Raleway-ExtraBoldItalic.eot]
[cmsaddons.net/html/funimal/plugin/fonts/transfonter/Raleway-ExtraBoldItalic.woff]
[cmsaddons.net/html/funimal/plugin/fonts/transfonter/Raleway-ExtraBoldItalicd41d.eot]
[cmsaddons.net/html/funimal/plugin/fonts/transfonter/Raleway-ExtraBoldItalic.ttf]
[cmsaddons.net/html/funimal/plugin/fonts/transfonter/Raleway-ThinItalic.eot]
[cmsaddons.net/html/funimal/plugin/fonts/transfonter/Raleway-ThinItalic.woff]
[cmsaddons.net/html/funimal/plugin/fonts/transfonter/Raleway-ThinItalicd41d.eot]
[cmsaddons.net/html/funimal/plugin/fonts/transfonter/Raleway-ThinItalic.ttf]
[cmsaddons.net/html/funimal/plugin/fonts/transfonter/Raleway-Medium.eot]
[cmsaddons.net/html/funimal/plugin/fonts/transfonter/Raleway-Medium.woff]
[cmsaddons.net/html/funimal/plugin/fonts/transfonter/Raleway-Mediumd41d.eot]
[cmsaddons.net/html/funimal/plugin/fonts/transfonter/Raleway-Medium.ttf]
[cmsaddons.net/html/funimal/plugin/fonts/transfonter/Raleway-BlackItalic.eot]
[cmsaddons.net/html/funimal/plugin/fonts/transfonter/Raleway-BlackItalic.woff]
[cmsaddons.net/html/funimal/plugin/fonts/transfonter/Raleway-BlackItalicd41d.eot]
[cmsaddons.net/html/funimal/plugin/fonts/transfonter/Raleway-BlackItalic.ttf]
[cmsaddons.net/html/funimal/plugin/fonts/transfonter/Raleway-Thin.eot]
[cmsaddons.net/html/funimal/plugin/fonts/transfonter/Raleway-Thin.woff]
[cmsaddons.net/html/funimal/plugin/fonts/transfonter/Raleway-Thind41d.eot]
[cmsaddons.net/html/funimal/plugin/fonts/transfonter/Raleway-Thin.ttf]
[cmsaddons.net/html/funimal/plugin/fonts/transfonter/Raleway-ExtraLightItalic.eot]
[cmsaddons.net/html/funimal/plugin/fonts/transfonter/Raleway-ExtraLightItalic.woff]
[cmsaddons.net/html/funimal/plugin/fonts/transfonter/Raleway-ExtraLightItalicd41d.eot]
[cmsaddons.net/html/funimal/plugin/fonts/transfonter/Raleway-ExtraLightItalic.ttf]
[cmsaddons.net/html/funimal/plugin/fonts/transfonter/Raleway-Black.eot]
[cmsaddons.net/html/funimal/plugin/fonts/transfonter/Raleway-Black.woff]
[cmsaddons.net/html/funimal/plugin/fonts/transfonter/Raleway-Blackd41d.eot]
[cmsaddons.net/html/funimal/plugin/fonts/transfonter/Raleway-Black.ttf]
[cmsaddons.net/html/funimal/plugin/fonts/transfonter/Raleway-SemiBoldItalic.eot]
[cmsaddons.net/html/funimal/plugin/fonts/transfonter/Raleway-SemiBoldItalic.woff]
[cmsaddons.net/html/funimal/plugin/fonts/transfonter/Raleway-SemiBoldItalicd41d.eot]
[cmsaddons.net/html/funimal/plugin/fonts/transfonter/Raleway-SemiBoldItalic.ttf]
[cmsaddons.net/html/funimal/plugin/fonts/transfonter/Raleway-Light.eot]
[cmsaddons.net/html/funimal/plugin/fonts/transfonter/Raleway-Light.woff]
[cmsaddons.net/html/funimal/plugin/fonts/transfonter/Raleway-Lightd41d.eot]
[cmsaddons.net/html/funimal/plugin/fonts/transfonter/Raleway-Light.ttf]
[cmsaddons.net/html/funimal/plugin/fonts/transfonter/Raleway-ExtraLight.eot]
[cmsaddons.net/html/funimal/plugin/fonts/transfonter/Raleway-ExtraLight.woff]
[cmsaddons.net/html/funimal/plugin/fonts/transfonter/Raleway-ExtraLightd41d.eot]
[cmsaddons.net/html/funimal/plugin/fonts/transfonter/Raleway-ExtraLight.ttf]
[cmsaddons.net/html/funimal/plugin/fonts/transfonter/Raleway-ExtraBold.eot]
[cmsaddons.net/html/funimal/plugin/fonts/transfonter/Raleway-ExtraBold.woff]
[cmsaddons.net/html/funimal/plugin/fonts/transfonter/Raleway-ExtraBold.ttf]
[cmsaddons.net/html/funimal/plugin/fonts/transfonter/Raleway-ExtraBoldd41d.eot]
[cmsaddons.net/html/funimal/plugin/fonts/transfonter/Raleway-SemiBold.eot]
[cmsaddons.net/html/funimal/plugin/fonts/transfonter/Raleway-SemiBold.woff]
[cmsaddons.net/html/funimal/plugin/fonts/transfonter/Raleway-SemiBoldd41d.eot]
[cmsaddons.net/html/funimal/plugin/fonts/transfonter/Raleway-SemiBold.ttf]
[cmsaddons.net/html/funimal/plugin/fonts/transfonter/Raleway-Regular.eot]
[cmsaddons.net/html/funimal/plugin/fonts/transfonter/Raleway-Regular.woff]
[cmsaddons.net/html/funimal/plugin/fonts/transfonter/Raleway-Regulard41d.eot]
[cmsaddons.net/html/funimal/plugin/fonts/transfonter/Raleway-Regular.ttf]
[cmsaddons.net/html/funimal/plugin/fonts/transfonter/Raleway-MediumItalic.eot]
[cmsaddons.net/html/funimal/plugin/fonts/transfonter/Raleway-MediumItalic.woff]
[cmsaddons.net/html/funimal/plugin/fonts/transfonter/Raleway-MediumItalicd41d.eot]
[cmsaddons.net/html/funimal/plugin/fonts/transfonter/Raleway-MediumItalic.ttf]
[cmsaddons.net/html/funimal/plugin/fonts/transfonter/Raleway-Bold.eot]
[cmsaddons.net/html/funimal/plugin/fonts/transfonter/Raleway-Bold.woff]
[cmsaddons.net/html/funimal/plugin/fonts/transfonter/Raleway-Boldd41d.eot]
[cmsaddons.net/html/funimal/plugin/fonts/transfonter/Raleway-Bold.ttf]
[cmsaddons.net/html/funimal/plugin/fonts/transfonter/fonts.css]
[cmsaddons.net/html/funimal/plugin/fonts/font-awesome/fonts/fontawesome-webfont3e6e.eot]
[cmsaddons.net/html/funimal/plugin/fonts/font-awesome/fonts/fontawesome-webfontd41d.eot]
[cmsaddons.net/html/funimal/plugin/fonts/font-awesome/fonts/fontawesome-webfont3e6e.woff2]
[cmsaddons.net/html/funimal/plugin/fonts/font-awesome/fonts/fontawesome-webfont3e6e.woff]
[cmsaddons.net/html/funimal/plugin/fonts/font-awesome/fonts/fontawesome-webfont3e6e.ttf]
[cmsaddons.net/html/funimal/plugin/fonts/font-awesome/css/font-awesome.min.css]
[cmsaddons.net/html/funimal/plugin/fonts/platicon/font/Flaticon.eot]
[cmsaddons.net/html/funimal/plugin/fonts/platicon/font/Flaticon.woff]
[cmsaddons.net/html/funimal/plugin/fonts/platicon/font/Flaticond41d.eot]
[cmsaddons.net/html/funimal/plugin/fonts/platicon/font/Flaticon.ttf]
[cmsaddons.net/html/funimal/plugin/fonts/platicon/font/flaticon.css]
[cmsaddons.net/html/funimal/plugin/fonts/themify/fonts/themify9f24.eot]
[cmsaddons.net/html/funimal/plugin/fonts/themify/fonts/themifyd41d.eot]
[cmsaddons.net/html/funimal/plugin/fonts/themify/fonts/themify9f24.woff]
[cmsaddons.net/html/funimal/plugin/fonts/themify/fonts/themify9f24.ttf]
[cmsaddons.net/html/funimal/plugin/fonts/themify/themify-icons.css]
[cmsaddons.net/html/funimal/plugin/bootstrap/fonts/glyphicons-halflings-regular.eot]
[cmsaddons.net/html/funimal/plugin/bootstrap/fonts/glyphicons-halflings-regular.woff2]
[cmsaddons.net/html/funimal/plugin/bootstrap/fonts/glyphicons-halflings-regulard41d.eot]
[cmsaddons.net/html/funimal/plugin/bootstrap/fonts/glyphicons-halflings-regular.woff]
[cmsaddons.net/html/funimal/plugin/bootstrap/fonts/glyphicons-halflings-regular.ttf]
[cmsaddons.net/html/funimal/plugin/bootstrap/css/bootstrap.min.css]
[cmsaddons.net/html/funimal/plugin/animsition/css/animsition.min.css]
[cmsaddons.net/html/funimal/plugin/lightbox/images/close.png]
[cmsaddons.net/html/funimal/plugin/lightbox/images/loading.gif]
[cmsaddons.net/html/funimal/plugin/lightbox/images/prev.png]
[cmsaddons.net/html/funimal/plugin/lightbox/images/next.png]
[cmsaddons.net/html/funimal/plugin/lightbox/css/lightbox.min.css]
[cmsaddons.net/html/funimal/css/animate.css]
[cmsaddons.net/html/funimal/plugin/slick/slick.css]
[cmsaddons.net/html/funimal/plugin/player/bigplay.png]
[cmsaddons.net/html/funimal/plugin/player/background.png]
[cmsaddons.net/html/funimal/plugin/player/loading.gif]
[cmsaddons.net/html/funimal/plugin/player/controls.png]
[cmsaddons.net/html/funimal/plugin/player/jumpforward.png]
[cmsaddons.net/html/funimal/plugin/player/skipback.png]
[cmsaddons.net/html/funimal/plugin/player/mediaelementplayer.css]
[cmsaddons.net/html/funimal/plugin/jquery-ui/images/ui-icons_444444_256x240.png]
[cmsaddons.net/html/funimal/plugin/jquery-ui/images/ui-icons_555555_256x240.png]
[cmsaddons.net/html/funimal/plugin/jquery-ui/images/ui-icons_ffffff_256x240.png]
[cmsaddons.net/html/funimal/plugin/jquery-ui/images/ui-icons_777620_256x240.png]
[cmsaddons.net/html/funimal/plugin/jquery-ui/images/ui-icons_cc0000_256x240.png]
[cmsaddons.net/html/funimal/plugin/jquery-ui/images/ui-icons_777777_256x240.png]
[cmsaddons.net/html/funimal/plugin/jquery-ui/jquery-ui.css]
[cmsaddons.net/html/funimal/images/background/background-1.jpg]
[cmsaddons.net/html/funimal/images/background/background-2.jpg]
[cmsaddons.net/html/funimal/images/background/background-3.jpg]
[cmsaddons.net/html/funimal/images/background/background-4.jpg]
[cmsaddons.net/html/funimal/images/background/background-5.jpg]
[cmsaddons.net/html/funimal/images/background/background-6.jpg]
[cmsaddons.net/html/funimal/images/background/background-7.jpg]
[cmsaddons.net/html/funimal/images/background/background-8.jpg]
[cmsaddons.net/html/funimal/images/background/background-9.jpg]
[cmsaddons.net/html/funimal/images/background/background-10.jpg]
[cmsaddons.net/html/funimal/images/background/background-11.jpg]
[cmsaddons.net/html/funimal/images/background/background-12.jpg]
[cmsaddons.net/html/funimal/images/background/background-13.jpg]
[cmsaddons.net/html/funimal/images/background/background-14.jpg]
[cmsaddons.net/html/funimal/images/background/background-15.jpg]
[cmsaddons.net/html/funimal/images/background/background-16.jpg]
[cmsaddons.net/html/funimal/images/background/background-17.jpg]
[cmsaddons.net/html/funimal/images/background/background-18.jpg]
[cmsaddons.net/html/funimal/images/background/background-19.c6.delayed]
[cmsaddons.net/html/funimal/images/background/background-20.jpg]
[cmsaddons.net/html/funimal/images/background/background-21.jpg]
[cmsaddons.net/html/funimal/images/background/background-22.jpg]
[cmsaddons.net/html/funimal/images/background/background-23.jpg]
[cmsaddons.net/html/funimal/images/background/background-24.jpg]
[cmsaddons.net/html/funimal/images/background/background-25.jpg]
[cmsaddons.net/html/funimal/images/background/background-26.jpg]
[cmsaddons.net/html/funimal/images/background/background-27.jpg]
[cmsaddons.net/html/funimal/images/media/volume.png]
[cmsaddons.net/html/funimal/images/home/default/background.jpg]
[cmsaddons.net/html/funimal/images/background/background-13.png]
[cmsaddons.net/html/funimal/images/home/onepage/background1.jpg]
[cmsaddons.net/html/funimal/images/home/onepage/background2.jpg]
[cmsaddons.net/html/funimal/images/home/onepage/background3.jpg]
[cmsaddons.net/html/funimal/images/home/onepage/background4.jpg]
[cmsaddons.net/html/funimal/images/home/onepage/background5.jpg]
[cmsaddons.net/html/funimal/images/background/footer.jpg]
[cmsaddons.net/html/funimal/css/style.css]
[cmsaddons.net/html/funimal/css/customize.css]
[cmsaddons.net/html/funimal/index-2.html]
[cmsaddons.net/html/funimal/images/logo/logo3.png]
[cmsaddons.net/html/funimal/images/logo/logo2.png]
[cmsaddons.net/html/funimal/images/icon/iconbox/icon1.png]
[cmsaddons.net/html/funimal/images/icon/iconbox/icon2.png]
[cmsaddons.net/html/funimal/images/icon/iconbox/icon3.png]
[cmsaddons.net/html/funimal/images/icon/iconbox/icon4.png]
[cmsaddons.net/html/funimal/images/icon/iconbox/icon5.png]
[cmsaddons.net/html/funimal/images/icon/iconbox/icon6.png]
[cmsaddons.net/html/funimal/images/home/default/img1-2.jpg]
[cmsaddons.net/html/funimal/1.2-home-left-menu.html]
[cmsaddons.net/html/funimal/images/icon/iconbox/inverse/icon-5.png]
[cmsaddons.net/html/funimal/images/icon/iconbox/inverse/icon-4.png]
[cmsaddons.net/html/funimal/images/icon/iconbox/inverse/icon-3.png]
[cmsaddons.net/html/funimal/images/icon/iconbox/inverse/icon-2.png]
[cmsaddons.net/html/funimal/images/icon/iconbox/inverse/icon-1.png]
[cmsaddons.net/html/funimal/images/icon/iconbox/inverse/icon.png]
[cmsaddons.net/html/funimal/images/home/default/img1-1.jpg]
[cmsaddons.net/html/funimal/1.3-home-one-page.html]
[cmsaddons.net/html/funimal/images/home/banner/text.png]
[cmsaddons.net/html/funimal/images/home/shop/img.jpg]
[cmsaddons.net/html/funimal/images/home/shop/img-1.jpg]
[cmsaddons.net/html/funimal/images/home/shop/img-2.jpg]
[cmsaddons.net/html/funimal/images/home/shop/shop-item/img.jpg]
[cmsaddons.net/html/funimal/images/home/shop/shop-item/img2.jpg]
[cmsaddons.net/html/funimal/images/home/shop/shop-item/img3.jpg]
[cmsaddons.net/html/funimal/images/home/shop/shop-item/img4.jpg]
[cmsaddons.net/html/funimal/images/home/shop/shop-item/img5.jpg]
[cmsaddons.net/html/funimal/images/home/shop/shop-item/img6.jpg]
[cmsaddons.net/html/funimal/images/home/shop/shop-item/img7.jpg]
[cmsaddons.net/html/funimal/images/home/shop/shop-item/img8.jpg]
[cmsaddons.net/html/funimal/images/home/shop/promotion/center.png]
[cmsaddons.net/html/funimal/images/home/shop/promotion/1.jpg]
[cmsaddons.net/html/funimal/images/home/shop/promotion/2.jpg]
[cmsaddons.net/html/funimal/images/home/shop/promotion/3.jpg]
[cmsaddons.net/html/funimal/images/home/shop/promotion/4.jpg]
[cmsaddons.net/html/funimal/images/home/client/logo 1.png]
[cmsaddons.net/html/funimal/images/home/client/logo 2.png]
[cmsaddons.net/html/funimal/images/home/client/logo 3.png]
[cmsaddons.net/html/funimal/images/home/client/logo 4.png]
[cmsaddons.net/html/funimal/images/home/client/logo 5.png]
[cmsaddons.net/html/funimal/images/home/client/logo 6.png]
[cmsaddons.net/html/funimal/_https_/cdn-images.mailchimp.com/embedcode/classic-081711.css]
[s3.amazonaws.com/downloads.mailchimp.com/js/mc-validate.js]
[cmsaddons.net/html/funimal/3.1-serice-1.html]
[cmsaddons.net/html/funimal/images/icon/footer/1.jpg]
[cmsaddons.net/html/funimal/images/icon/footer/2.jpg]
[cmsaddons.net/html/funimal/images/icon/footer/3.jpg]
[cmsaddons.net/html/funimal/images/icon/footer/4.jpg]
[cmsaddons.net/html/funimal/images/icon/footer/5.jpg]
[cmsaddons.net/html/funimal/images/icon/footer/6.jpg]
[cmsaddons.net/html/funimal/images/icon/footer/7.jpg]
[cmsaddons.net/html/funimal/1.4-home-shop.html]
[cmsaddons.net/html/funimal/1.5-home-dark.html]
[cmsaddons.net/html/funimal/images/home/default/home-portfolio/1.jpg]
[cmsaddons.net/html/funimal/images/home/default/home-portfolio/2.jpg]
[cmsaddons.net/html/funimal/images/home/default/home-portfolio/3.jpg]
[cmsaddons.net/html/funimal/images/home/default/home-portfolio/4.jpg]
[cmsaddons.net/html/funimal/images/home/default/home-portfolio/5.jpg]
[cmsaddons.net/html/funimal/images/home/default/home-portfolio/6.jpg]
[cmsaddons.net/html/funimal/images/home/default/home-portfolio/7.jpg]
[cmsaddons.net/html/funimal/images/home/default/home-portfolio/8.jpg]
[cmsaddons.net/html/funimal/images/home/default/home-portfolio/9.jpg]
[cmsaddons.net/html/funimal/images/home/default/home-portfolio/10.jpg]
[cmsaddons.net/html/funimal/images/home/default/home-portfolio/11.jpg]
[cmsaddons.net/html/funimal/images/home/default/home-portfolio/12.jpg]
[cmsaddons.net/html/funimal/1.6-home-portfolio.html]
[cmsaddons.net/html/funimal/images/page/about/img1.jpg]
[cmsaddons.net/html/funimal/images/page/about/member/1.jpg]
[cmsaddons.net/html/funimal/images/page/about/member/2.jpg]
[cmsaddons.net/html/funimal/images/page/about/member/3.jpg]
[cmsaddons.net/html/funimal/images/page/about/member/4.jpg]
[cmsaddons.net/html/funimal/images/page/about/member/5.jpg]
[cmsaddons.net/html/funimal/images/page/about/member/6.jpg]
[cmsaddons.net/html/funimal/2.1-about-page.html]
[cmsaddons.net/html/funimal/2.2-contact-page.html]
[cmsaddons.net/html/funimal/images/page/404/404.png]
[cmsaddons.net/html/funimal/2.3-404-page.html]
[cmsaddons.net/html/funimal/images/services/sv1/1.jpg]
[cmsaddons.net/html/funimal/images/services/sv1/2.jpg]
[cmsaddons.net/html/funimal/images/services/sv1/3.jpg]
[cmsaddons.net/html/funimal/images/services/sv1/4.jpg]
[cmsaddons.net/html/funimal/3.1-service-1.html]
[cmsaddons.net/html/funimal/images/services/sv2/img.jpg]
[cmsaddons.net/html/funimal/images/services/sv2/img1.jpg]
[cmsaddons.net/html/funimal/images/services/sv2/img2.jpg]
[cmsaddons.net/html/funimal/images/services/sv2/img3.jpg]
[cmsaddons.net/html/funimal/images/services/sv2/img4.jpg]
[cmsaddons.net/html/funimal/images/services/sv2/img5.jpg]
[cmsaddons.net/html/funimal/3.2-service-2.html]
[cmsaddons.net/html/funimal/3.3-one-service.html]
[cmsaddons.net/html/funimal/images/portfolio/grid/img.jpg]
[cmsaddons.net/html/funimal/images/portfolio/grid/img1.jpg]
[cmsaddons.net/html/funimal/images/portfolio/grid/img-1.jpg]
[cmsaddons.net/html/funimal/images/portfolio/grid/img2.jpg]
[cmsaddons.net/html/funimal/images/portfolio/grid/img-2.jpg]
[cmsaddons.net/html/funimal/images/portfolio/grid/img3.jpg]
[cmsaddons.net/html/funimal/images/portfolio/grid/img-3.jpg]
[cmsaddons.net/html/funimal/images/portfolio/grid/img4.jpg]
[cmsaddons.net/html/funimal/images/portfolio/grid/img5.jpg]
[cmsaddons.net/html/funimal/4.1-portfolio-grid.html]
[cmsaddons.net/html/funimal/images/portfolio/masonry/img-1.jpg]
[cmsaddons.net/html/funimal/images/portfolio/masonry/img.jpg]
[cmsaddons.net/html/funimal/images/portfolio/masonry/img1.jpg]
[cmsaddons.net/html/funimal/images/portfolio/masonry/img2.jpg]
[cmsaddons.net/html/funimal/images/portfolio/masonry/img4.jpg]
[cmsaddons.net/html/funimal/images/portfolio/masonry/img3.jpg]
[cmsaddons.net/html/funimal/4.2-portfolio-masonry.html]
[cmsaddons.net/html/funimal/images/portfolio/single/img.jpg]
[cmsaddons.net/html/funimal/4.3-single-portfolio-image.html]
[cmsaddons.net/html/funimal/images/portfolio/slider/center.jpg]
[cmsaddons.net/html/funimal/4.4-single-portfolio-slider.html]
[cmsaddons.net/html/funimal/4.5-single-portfolio-audio.html]
[cmsaddons.net/html/funimal/4.6-single-portfolio-video.html]
[cmsaddons.net/html/funimal/images/blog/blog-list/img.jpg]
[cmsaddons.net/html/funimal/images/blog/blog-list/img1.jpg]
[cmsaddons.net/html/funimal/images/blog/blog-list/img2.jpg]
[cmsaddons.net/html/funimal/images/blog/blog-list/img3.jpg]
[cmsaddons.net/html/funimal/images/sidebar/blog/img4.jpg]
[cmsaddons.net/html/funimal/images/sidebar/blog/img5.jpg]
[cmsaddons.net/html/funimal/images/sidebar/blog/img6.jpg]
[cmsaddons.net/html/funimal/5.1-blog-list.html]
[cmsaddons.net/html/funimal/images/blog/blog-grid/img.jpg]
[cmsaddons.net/html/funimal/images/blog/blog-grid/img1.jpg]
[cmsaddons.net/html/funimal/images/blog/blog-grid/img2.jpg]
[cmsaddons.net/html/funimal/images/blog/blog-grid/img3.jpg]
[cmsaddons.net/html/funimal/images/blog/blog-grid/img4.jpg]
[cmsaddons.net/html/funimal/images/blog/blog-grid/img5.jpg]
[cmsaddons.net/html/funimal/images/blog/blog-grid/img6.jpg]
[cmsaddons.net/html/funimal/images/blog/blog-grid/img7.jpg]
[cmsaddons.net/html/funimal/5.2-blog-grid.html]
[cmsaddons.net/html/funimal/images/blog/blog-single/img.jpg]
[cmsaddons.net/html/funimal/images/blog/comment/img1.jpg]
[cmsaddons.net/html/funimal/images/blog/comment/img2.jpg]
[cmsaddons.net/html/funimal/5.3-single-blog.html]
[cmsaddons.net/html/funimal/6.1-button-element.html]
[cmsaddons.net/html/funimal/6.2-iconbox-element.html]
[cmsaddons.net/html/funimal/6.3-alertbox-element.html]
[cmsaddons.net/html/funimal/6.4-tab-element.html]
[cmsaddons.net/html/funimal/6.5-heading-element.html]
[cmsaddons.net/html/funimal/6.6-divider-element.html]
[cmsaddons.net/html/funimal/images/icon/font-awesome.jpg]
[cmsaddons.net/html/funimal/images/icon/themify1.jpg]
[cmsaddons.net/html/funimal/6.7-icon-element.html]
[cmsaddons.net/html/funimal/6.8-color-element.html]
[cmsaddons.net/html/funimal/6.9-typography-element.html]
[cmsaddons.net/html/funimal/images/shop/product/img.jpg]
[cmsaddons.net/html/funimal/images/shop/product/img1.jpg]
[cmsaddons.net/html/funimal/images/shop/product/img2.jpg]
[cmsaddons.net/html/funimal/images/shop/product/img3.jpg]
[cmsaddons.net/html/funimal/images/shop/product/img4.jpg]
[cmsaddons.net/html/funimal/images/shop/product/img5.jpg]
[cmsaddons.net/html/funimal/images/shop/product/img6.jpg]
[cmsaddons.net/html/funimal/images/shop/product/img7.jpg]
[cmsaddons.net/html/funimal/images/shop/product/img8.jpg]
[cmsaddons.net/html/funimal/images/sidebar/shop/img9.jpg]
[cmsaddons.net/html/funimal/images/sidebar/shop/img10.jpg]
[cmsaddons.net/html/funimal/images/sidebar/shop/img11.jpg]
[cmsaddons.net/html/funimal/images/sidebar/shop/img12.jpg]
[cmsaddons.net/html/funimal/7.1-shop.html]
[cmsaddons.net/html/funimal/images/shop/single/big-img.jpg]
[cmsaddons.net/html/funimal/images/shop/single/1.jpg]
[cmsaddons.net/html/funimal/images/shop/single/2.jpg]
[cmsaddons.net/html/funimal/images/shop/single/3.jpg]
[cmsaddons.net/html/funimal/images/shop/single/4.jpg]
[cmsaddons.net/html/funimal/7.2-single-product.html]
[cmsaddons.net/html/funimal/images/shop/shopcart/img.jpg]
[cmsaddons.net/html/funimal/images/shop/shopcart/img1.jpg]
[cmsaddons.net/html/funimal/images/shop/shopcart/img2.jpg]
[cmsaddons.net/html/funimal/7.3-shop-cart.html]
[cmsaddons.net/html/funimal/images/shop/checkout/paypal.png]
[cmsaddons.net/html/funimal/7.4-shop-checkout.html]
[img1.wsimg.com/tcc/tcc_l.combined.1.0.6.min.js]
[cmsaddons.net/html/funimal/plugin/fonts/font-awesome/fonts/fontawesome-webfont3e6e.svg]
[cmsaddons.net/html/funimal/plugin/fonts/platicon/font/Flaticon.svg]
[cmsaddons.net/html/funimal/plugin/fonts/themify/fonts/themify9f24.svg]
[cmsaddons.net/html/funimal/plugin/bootstrap/fonts/glyphicons-halflings-regular.svg]
[cmsaddons.net/html/funimal/plugin/player/bigplay.svg]
[cmsaddons.net/html/funimal/plugin/player/controls.svg]
[cmsaddons.net/html/funimal/images/background/background-19.html]
[cmsaddons.net/html/funimal/images/background/background-20.html]
[cmsaddons.net/html/funimal/images/background/background-21.html]
[cmsaddons.net/html/funimal/images/background/background-22.html]
[cmsaddons.net/html/funimal/images/background/background-23.html]
[cmsaddons.net/html/funimal/images/background/background-24.html]
[cmsaddons.net/html/funimal/images/background/background-25.html]
[cmsaddons.net/html/funimal/images/background/background-26.html]
[cmsaddons.net/html/funimal/images/background/background-27.html]
[cmsaddons.net/html/funimal/images/media/volume.html]
[cmsaddons.net/html/funimal/_https_/cdn-images.mailchimp.com/embedcode/classic-081711.html]
[cmsaddons.net/html/funimal/3.1-serice-1.html]
