[deothemes.com/envato/afela/html/index.html]
[backblue.gif]
[fade.gif]
[index.html]
[deothemes.com/envato/afela/html/css/bootstrap.min.css]
[deothemes.com/envato/afela/html/css/magnific-popup.css]
[deothemes.com/envato/afela/html/revolution/css/settings.css]
[deothemes.com/envato/afela/html/css/rev-slider.css]
[deothemes.com/envato/afela/html/css/font-icons.css]
[deothemes.com/envato/afela/html/css/sliders.css]
[deothemes.com/envato/afela/html/css/style.css]
[deothemes.com/envato/afela/html/css/responsive.css]
[deothemes.com/envato/afela/html/css/spacings.css]
[deothemes.com/envato/afela/html/css/animate.min.css]
[deothemes.com/envato/afela/html/css/color.css]
[deothemes.com/envato/afela/html/img/favicon.ico]
[deothemes.com/envato/afela/html/img/apple-touch-icon.png]
[deothemes.com/envato/afela/html/img/apple-touch-icon-72x72.png]
[deothemes.com/envato/afela/html/img/apple-touch-icon-114x114.png]
[deothemes.com/envato/afela/html/img/logo_dark.png]
[deothemes.com/envato/afela/html/cart.html]
[deothemes.com/envato/afela/html/index-onepage.html]
[deothemes.com/envato/afela/html/index-agency.html]
[deothemes.com/envato/afela/html/index-shop.html]
[deothemes.com/envato/afela/html/index-magazine.html]
[deothemes.com/envato/afela/html/index-photography.html]
[deothemes.com/envato/afela/html/index-photography-2.html]
[deothemes.com/envato/afela/html/index-photography-3.html]
[deothemes.com/envato/afela/html/services.html]
[deothemes.com/envato/afela/html/about-us.html]
[deothemes.com/envato/afela/html/magazine-categories.html]
[deothemes.com/envato/afela/html/magazine-single-article.html]
[deothemes.com/envato/afela/html/contact.html]
[deothemes.com/envato/afela/html/faq.html]
[deothemes.com/envato/afela/html/404.html]
[deothemes.com/envato/afela/html/portfolio-4-col.html]
[deothemes.com/envato/afela/html/portfolio-3-col.html]
[deothemes.com/envato/afela/html/portfolio-2-col.html]
[deothemes.com/envato/afela/html/portfolio-single.html]
[deothemes.com/envato/afela/html/portfolio-5-col-wide.html]
[deothemes.com/envato/afela/html/portfolio-4-col-wide.html]
[deothemes.com/envato/afela/html/portfolio-3-col-wide.html]
[deothemes.com/envato/afela/html/portfolio-2-col-wide.html]
[deothemes.com/envato/afela/html/portfolio-5-col-masonry.html]
[deothemes.com/envato/afela/html/portfolio-4-col-masonry.html]
[deothemes.com/envato/afela/html/portfolio-3-col-masonry.html]
[deothemes.com/envato/afela/html/portfolio-2-col-masonry.html]
[deothemes.com/envato/afela/html/portfolio-5-col-title.html]
[deothemes.com/envato/afela/html/portfolio-4-col-title.html]
[deothemes.com/envato/afela/html/portfolio-3-col-title.html]
[deothemes.com/envato/afela/html/portfolio-2-col-title.html]
[deothemes.com/envato/afela/html/blog-standard.html]
[deothemes.com/envato/afela/html/blog-masonry.html]
[deothemes.com/envato/afela/html/blog-single.html]
[deothemes.com/envato/afela/html/blog-no-sidebar.html]
[deothemes.com/envato/afela/html/shop-catalog-grid.html]
[deothemes.com/envato/afela/html/shop-catalog-list.html]
[deothemes.com/envato/afela/html/shop-single-product.html]
[deothemes.com/envato/afela/html/shop-cart.html]
[deothemes.com/envato/afela/html/shop-checkout.html]
[deothemes.com/envato/afela/html/accordions.html]
[deothemes.com/envato/afela/html/alert-boxes.html]
[deothemes.com/envato/afela/html/animations.html]
[deothemes.com/envato/afela/html/buttons.html]
[deothemes.com/envato/afela/html/columns.html]
[deothemes.com/envato/afela/html/counters.html]
[deothemes.com/envato/afela/html/forms.html]
[deothemes.com/envato/afela/html/lightboxes.html]
[deothemes.com/envato/afela/html/icon-boxes.html]
[deothemes.com/envato/afela/html/pie-skills.html]
[deothemes.com/envato/afela/html/pricing-tables.html]
[deothemes.com/envato/afela/html/sliders.html]
[deothemes.com/envato/afela/html/socials.html]
[deothemes.com/envato/afela/html/tabs.html]
[deothemes.com/envato/afela/html/tables.html]
[deothemes.com/envato/afela/html/typography.html]
[deothemes.com/envato/afela/html/img/shop/cart_small_1.jpg]
[deothemes.com/envato/afela/html/img/shop/cart_small_2.jpg]
[deothemes.com/envato/afela/html/img/revolution/mp_slide_1.jpg]
[deothemes.com/envato/afela/html/video/video_placeholder.jpg]
[deothemes.com/envato/afela/html/img/revolution/mp_slide_3.jpg]
[deothemes.com/envato/afela/html/img/agency/promo_laptop_1.jpg]
[deothemes.com/envato/afela/html/img/agency/promo_laptop_2.jpg]
[deothemes.com/envato/afela/html/img/agency/promo_laptop_3.jpg]
[deothemes.com/envato/afela/html/img/portfolio/masonry/1_long.jpg]
[deothemes.com/envato/afela/html/img/portfolio/1_big.jpg]
[deothemes.com/envato/afela/html/img/portfolio/masonry/3_long.jpg]
[deothemes.com/envato/afela/html/img/portfolio/4.jpg]
[deothemes.com/envato/afela/html/img/portfolio/masonry/8_long.jpg]
[deothemes.com/envato/afela/html/img/portfolio/8_big.jpg]
[deothemes.com/envato/afela/html/img/portfolio/masonry/5_long.jpg]
[deothemes.com/envato/afela/html/img/portfolio/7.jpg]
[deothemes.com/envato/afela/html/img/portfolio/7_big.jpg]
[deothemes.com/envato/afela/html/img/portfolio/9_big.jpg]
[deothemes.com/envato/afela/html/img/promo_device.png]
[deothemes.com/envato/afela/html/img/partner_logo_dark_1.png]
[deothemes.com/envato/afela/html/img/partner_logo_dark_2.png]
[deothemes.com/envato/afela/html/img/partner_logo_dark_3.png]
[deothemes.com/envato/afela/html/img/partner_logo_dark_4.png]
[deothemes.com/envato/afela/html/img/partner_logo_dark_5.png]
[deothemes.com/envato/afela/html/img/partner_logo_dark_6.png]
[deothemes.com/envato/afela/html/js/bootstrap.min.js]
[deothemes.com/envato/afela/html/js/jquery.min.js]
[deothemes.com/envato/afela/html/revolution/js/jquery.themepunch.revolution.min.js]
[deothemes.com/envato/afela/html/js/scripts.js]
[deothemes.com/envato/afela/html/revolution/js/extensions/revolution.extension.carousel.min.js]
[deothemes.com/envato/afela/html/revolution/js/extensions/revolution.extension.video.min.js]
[deothemes.com/envato/afela/html/revolution/js/jquery.themepunch.tools.min.js]
[deothemes.com/envato/afela/html/revolution/js/extensions/revolution.extension.actions.min.js]
[deothemes.com/envato/afela/html/js/plugins.js]
[deothemes.com/envato/afela/html/revolution/js/extensions/revolution.extension.kenburn.min.js]
[deothemes.com/envato/afela/html/revolution/js/extensions/revolution.extension.layeranimation.min.js]
[deothemes.com/envato/afela/html/revolution/js/extensions/revolution.extension.migration.min.js]
[deothemes.com/envato/afela/html/index.html]
[deothemes.com/envato/afela/html/revolution/js/extensions/revolution.extension.parallax.min.js]
[deothemes.com/envato/afela/html/fonts/glyphicons-halflings-regular.eot]
[deothemes.com/envato/afela/html/fonts/glyphicons-halflings-regulard41d.eot]
[deothemes.com/envato/afela/html/fonts/glyphicons-halflings-regular.woff2]
[deothemes.com/envato/afela/html/fonts/glyphicons-halflings-regular.woff]
[deothemes.com/envato/afela/html/fonts/glyphicons-halflings-regular.ttf]
[deothemes.com/envato/afela/html/fonts/glyphicons-halflings-regular.svg]
[deothemes.com/envato/afela/html/css/bootstrap.min.css]
[deothemes.com/envato/afela/html/css/magnific-popup.css]
[deothemes.com/envato/afela/html/revolution/fonts/revicons/revicons90c6.eot]
[deothemes.com/envato/afela/html/revolution/fonts/revicons/revicons90c6.woff]
[deothemes.com/envato/afela/html/revolution/fonts/revicons/revicons90c6.ttf]
[deothemes.com/envato/afela/html/revolution/fonts/revicons/revicons90c6.svg]
[deothemes.com/envato/afela/html/revolution/assets/gridtile.png]
[deothemes.com/envato/afela/html/revolution/assets/gridtile_white.png]
[deothemes.com/envato/afela/html/revolution/assets/gridtile_3x3.png]
[deothemes.com/envato/afela/html/revolution/assets/gridtile_3x3_white.png]
[deothemes.com/envato/afela/html/revolution/assets/coloredbg.png]
[deothemes.com/envato/afela/html/revolution/assets/loader.gif]
[deothemes.com/envato/afela/html/revolution/css/settings.css]
[deothemes.com/envato/afela/html/revolution/css/navigation.css]
[deothemes.com/envato/afela/html/css/rev-slider.css]
[deothemes.com/envato/afela/html/revolution/css/layers.css]
[deothemes.com/envato/afela/html/fonts/fontawesome-webfont3295.woff2]
[deothemes.com/envato/afela/html/fonts/fontawesome-webfont3295.woff]
[deothemes.com/envato/afela/html/fonts/fontawesome-webfont3295.eot]
[deothemes.com/envato/afela/html/fonts/fontawesome-webfont3295.svg]
[deothemes.com/envato/afela/html/fonts/fontawesome-webfontd41d.eot]
[deothemes.com/envato/afela/html/fonts/et-line.eot]
[deothemes.com/envato/afela/html/fonts/et-line.ttf]
[deothemes.com/envato/afela/html/fonts/et-line.svg]
[deothemes.com/envato/afela/html/fonts/themify9f24.eot]
[deothemes.com/envato/afela/html/fonts/themifyd41d.eot]
[deothemes.com/envato/afela/html/fonts/et-lined41d.eot]
[deothemes.com/envato/afela/html/fonts/themify9f24.woff]
[deothemes.com/envato/afela/html/fonts/themify9f24.ttf]
[deothemes.com/envato/afela/html/fonts/themify9f24.svg]
[deothemes.com/envato/afela/html/fonts/ElegantIcons.eot]
[deothemes.com/envato/afela/html/fonts/ElegantIcons.ttf]
[deothemes.com/envato/afela/html/css/font-icons.css]
[deothemes.com/envato/afela/html/css/owl-carousel/grabbing.png]
[deothemes.com/envato/afela/html/fonts/ElegantIcons.svg]
[deothemes.com/envato/afela/html/css/fonts/flexslider-icon.eot]
[deothemes.com/envato/afela/html/css/fonts/flexslider-icond41d.eot]
[deothemes.com/envato/afela/html/css/fonts/flexslider-icon.woff]
[deothemes.com/envato/afela/html/css/fonts/flexslider-icon.svg]
[deothemes.com/envato/afela/html/css/sliders.css]
[deothemes.com/envato/afela/html/img/testimonials_bg.jpg]
[deothemes.com/envato/afela/html/img/agency/menu_img.jpg]
[deothemes.com/envato/afela/html/img/agency/process_bg.jpg]
[deothemes.com/envato/afela/html/img/shop/shop_icons.png]
[deothemes.com/envato/afela/html/img/shop/promo_parallax.jpg]
[deothemes.com/envato/afela/html/img/pricing_bg.jpg]
[deothemes.com/envato/afela/html/img/counters_bg.jpg]
[deothemes.com/envato/afela/html/css/style.css]
[deothemes.com/envato/afela/html/css/responsive.css]
[deothemes.com/envato/afela/html/css/spacings.css]
[deothemes.com/envato/afela/html/css/animate.min.css]
[deothemes.com/envato/afela/html/css/color.css]
[deothemes.com/envato/afela/html/img/apple-touch-icon.html]
[deothemes.com/envato/afela/html/cart.html]
[deothemes.com/envato/afela/html/img/logo_light.png]
[deothemes.com/envato/afela/html/img/onepage_slide_1.jpg]
[deothemes.com/envato/afela/html/img/portfolio/1.jpg]
[deothemes.com/envato/afela/html/img/portfolio/3_big.jpg]
[deothemes.com/envato/afela/html/img/portfolio/3.jpg]
[deothemes.com/envato/afela/html/img/portfolio/6_big.jpg]
[deothemes.com/envato/afela/html/img/portfolio/10_big.jpg]
[deothemes.com/envato/afela/html/img/portfolio/10.jpg]
[deothemes.com/envato/afela/html/img/team_2.jpg]
[deothemes.com/envato/afela/html/img/team_3.jpg]
[deothemes.com/envato/afela/html/img/blog_1.jpg]
[deothemes.com/envato/afela/html/img/blog_3.jpg]
[deothemes.com/envato/afela/html/img/blog_4.jpg]
[deothemes.com/envato/afela/html/index-onepage.html]
[deothemes.com/envato/afela/html/css/colors/blue.css]
[deothemes.com/envato/afela/html/about-us]
[deothemes.com/envato/afela/html/portfolio-4-col]
[deothemes.com/envato/afela/html/img/revolution/youtube-placeholder.jpg]
[deothemes.com/envato/afela/html/img/agency/cta_bg.jpg]
[deothemes.com/envato/afela/html/index-agency.html]
[deothemes.com/envato/afela/html/img/revolution/shop_slide_1.jpg]
[deothemes.com/envato/afela/html/img/revolution/shop_slide_2.jpg]
[deothemes.com/envato/afela/html/img/revolution/shop_slide_3.jpg]
[deothemes.com/envato/afela/html/img/shop/promo_banner_1.jpg]
[deothemes.com/envato/afela/html/img/shop/promo_banner_2.jpg]
[deothemes.com/envato/afela/html/img/shop/promo_banner_3.jpg]
[deothemes.com/envato/afela/html/img/shop/shop_item_1.jpg]
[deothemes.com/envato/afela/html/img/shop/shop_item_1_back.jpg]
[deothemes.com/envato/afela/html/img/shop/shop_item_2.jpg]
[deothemes.com/envato/afela/html/img/shop/shop_item_2_back.jpg]
[deothemes.com/envato/afela/html/img/shop/shop_item_3.jpg]
[deothemes.com/envato/afela/html/img/shop/shop_item_3_back.jpg]
[deothemes.com/envato/afela/html/img/shop/shop_item_4.jpg]
[deothemes.com/envato/afela/html/img/shop/shop_item_4_back.jpg]
[deothemes.com/envato/afela/html/img/shop/shop_item_5.jpg]
[deothemes.com/envato/afela/html/img/shop/shop_item_5_back.jpg]
[deothemes.com/envato/afela/html/img/shop/shop_item_6.jpg]
[deothemes.com/envato/afela/html/img/shop/shop_item_6_back.jpg]
[deothemes.com/envato/afela/html/img/shop/shop_item_7.jpg]
[deothemes.com/envato/afela/html/img/shop/shop_item_7_back.jpg]
[deothemes.com/envato/afela/html/img/shop/shop_item_8.jpg]
[deothemes.com/envato/afela/html/img/shop/shop_item_8_back.jpg]
[deothemes.com/envato/afela/html/img/shop/shop_item_9.jpg]
[deothemes.com/envato/afela/html/img/shop/shop_item_11.jpg]
[deothemes.com/envato/afela/html/img/shop/shop_item_13.jpg]
[deothemes.com/envato/afela/html/img/shop/shop_item_14.jpg]
[deothemes.com/envato/afela/html/img/shop/shop_item_15.jpg]
[deothemes.com/envato/afela/html/index-shop.html]
[deothemes.com/envato/afela/html/css/weather-icons.min.css]
[deothemes.com/envato/afela/html/img/magazine/728_ad.jpg]
[deothemes.com/envato/afela/html/img/magazine/hero_1.jpg]
[deothemes.com/envato/afela/html/img/magazine/hero_2.jpg]
[deothemes.com/envato/afela/html/img/magazine/hero_3.jpg]
[deothemes.com/envato/afela/html/img/magazine/hero_4.jpg]
[deothemes.com/envato/afela/html/img/magazine/1.jpg]
[deothemes.com/envato/afela/html/img/magazine/thumb_1.jpg]
[deothemes.com/envato/afela/html/img/magazine/thumb_2.jpg]
[deothemes.com/envato/afela/html/img/magazine/2.jpg]
[deothemes.com/envato/afela/html/img/magazine/thumb_3.jpg]
[deothemes.com/envato/afela/html/img/magazine/thumb_4.jpg]
[deothemes.com/envato/afela/html/img/magazine/3.jpg]
[deothemes.com/envato/afela/html/img/magazine/thumb_6.jpg]
[deothemes.com/envato/afela/html/img/magazine/thumb_7.jpg]
[deothemes.com/envato/afela/html/img/magazine/thumb_9.jpg]
[deothemes.com/envato/afela/html/img/magazine/thumb_8.jpg]
[deothemes.com/envato/afela/html/img/magazine/5.jpg]
[deothemes.com/envato/afela/html/img/magazine/thumb_10.jpg]
[deothemes.com/envato/afela/html/img/magazine/thumb_11.jpg]
[deothemes.com/envato/afela/html/img/magazine/6.jpg]
[deothemes.com/envato/afela/html/img/magazine/thumb_12.jpg]
[deothemes.com/envato/afela/html/img/magazine/7.jpg]
[deothemes.com/envato/afela/html/img/magazine/8.jpg]
[deothemes.com/envato/afela/html/img/magazine/9.jpg]
[deothemes.com/envato/afela/html/img/magazine/11.jpg]
[deothemes.com/envato/afela/html/img/magazine/gallery_1.jpg]
[deothemes.com/envato/afela/html/img/magazine/gallery_2.jpg]
[deothemes.com/envato/afela/html/img/magazine/gallery_3.jpg]
[deothemes.com/envato/afela/html/img/magazine/gallery_4.jpg]
[deothemes.com/envato/afela/html/img/magazine/gallery_5.jpg]
[deothemes.com/envato/afela/html/img/magazine/gallery_6.jpg]
[deothemes.com/envato/afela/html/img/magazine/gallery_7.jpg]
[deothemes.com/envato/afela/html/img/magazine/gallery_8.jpg]
[deothemes.com/envato/afela/html/img/magazine/gallery_9.jpg]
[deothemes.com/envato/afela/html/img/magazine/gallery_10.jpg]
[deothemes.com/envato/afela/html/img/magazine/12.jpg]
[deothemes.com/envato/afela/html/img/magazine/14.jpg]
[deothemes.com/envato/afela/html/img/magazine/15.jpg]
[deothemes.com/envato/afela/html/img/magazine/16.jpg]
[deothemes.com/envato/afela/html/img/magazine/17.jpg]
[deothemes.com/envato/afela/html/img/magazine/thumb_5.jpg]
[deothemes.com/envato/afela/html/img/magazine/336_ad.jpg]
[deothemes.com/envato/afela/html/img/magazine/gallery_11.jpg]
[deothemes.com/envato/afela/html/img/magazine/gallery_12.jpg]
[deothemes.com/envato/afela/html/img/magazine/gallery_13.jpg]
[deothemes.com/envato/afela/html/img/magazine/gallery_14.jpg]
[deothemes.com/envato/afela/html/img/magazine/gallery_15.jpg]
[deothemes.com/envato/afela/html/img/magazine/gallery_16.jpg]
[deothemes.com/envato/afela/html/img/magazine/featured_img_1.jpg]
[deothemes.com/envato/afela/html/img/magazine/featured_img_2.jpg]
[deothemes.com/envato/afela/html/img/magazine/featured_img_3.jpg]
[deothemes.com/envato/afela/html/index-magazine.html]
[deothemes.com/envato/afela/html/img/photography/1.jpg]
[deothemes.com/envato/afela/html/img/photography/2.jpg]
[deothemes.com/envato/afela/html/img/photography/3.jpg]
[deothemes.com/envato/afela/html/img/photography/5.jpg]
[deothemes.com/envato/afela/html/img/photography/6.jpg]
[deothemes.com/envato/afela/html/index-photography.html]
[deothemes.com/envato/afela/html/services.11a.delayed]
[deothemes.com/envato/afela/html/img/photography/v2/1.jpg]
[deothemes.com/envato/afela/html/img/photography/v2/2.jpg]
[deothemes.com/envato/afela/html/img/photography/v2/3.jpg]
[deothemes.com/envato/afela/html/img/photography/v2/4.jpg]
[deothemes.com/envato/afela/html/img/photography/v2/5.jpg]
[deothemes.com/envato/afela/html/img/photography/v2/6.jpg]
[deothemes.com/envato/afela/html/img/photography/v2/7.jpg]
[deothemes.com/envato/afela/html/index-photography-2.html]
[deothemes.com/envato/afela/html/portfolio-single.122.delayed]
[deothemes.com/envato/afela/html/img/photography/v3/1_big.jpg]
[deothemes.com/envato/afela/html/img/photography/v3/1.jpg]
[deothemes.com/envato/afela/html/img/photography/v3/2.jpg]
[deothemes.com/envato/afela/html/img/photography/v3/3.jpg]
[deothemes.com/envato/afela/html/img/photography/v3/4.jpg]
[deothemes.com/envato/afela/html/img/photography/v3/5.jpg]
[deothemes.com/envato/afela/html/img/photography/v3/6.jpg]
[deothemes.com/envato/afela/html/img/photography/v3/7.jpg]
[deothemes.com/envato/afela/html/img/photography/v3/8.jpg]
[deothemes.com/envato/afela/html/img/photography/v3/9_big.jpg]
[deothemes.com/envato/afela/html/img/photography/v3/10_big.jpg]
[deothemes.com/envato/afela/html/img/photography/v3/10.jpg]
[deothemes.com/envato/afela/html/img/photography/v3/11.jpg]
[deothemes.com/envato/afela/html/img/photography/v3/12.jpg]
[deothemes.com/envato/afela/html/img/photography/v3/13_big.jpg]
[deothemes.com/envato/afela/html/img/photography/v3/14.jpg]
[deothemes.com/envato/afela/html/img/photography/v3/15_big.jpg]
[deothemes.com/envato/afela/html/img/photography/v3/15.jpg]
[deothemes.com/envato/afela/html/img/photography/v3/16.jpg]
[deothemes.com/envato/afela/html/index-photography-3.html]
[deothemes.com/envato/afela/html/services.html]
[deothemes.com/envato/afela/html/img/about_title_bg.jpg]
[deothemes.com/envato/afela/html/about-us.html]
[deothemes.com/envato/afela/html/img/magazine/19.jpg]
[deothemes.com/envato/afela/html/img/magazine/20.jpg]
[deothemes.com/envato/afela/html/img/magazine/21.jpg]
[deothemes.com/envato/afela/html/magazine-categories.html]
[deothemes.com/envato/afela/html/img/blog/gallery_post_img_3.jpg]
[deothemes.com/envato/afela/html/img/blog/gallery_post_img_2.jpg]
[deothemes.com/envato/afela/html/img/blog/gallery_post_img_1.jpg]
[deothemes.com/envato/afela/html/img/blog/2.jpg]
[deothemes.com/envato/afela/html/img/blog/3.jpg]
[deothemes.com/envato/afela/html/img/blog/comment_1.jpg]
[deothemes.com/envato/afela/html/img/blog/comment_2.jpg]
[deothemes.com/envato/afela/html/img/blog/comment_3.jpg]
[deothemes.com/envato/afela/html/magazine-single-article.html]
[deothemes.com/envato/afela/html/img/blog/blog_title_bg.jpg]
[deothemes.com/envato/afela/html/contact.html]
[deothemes.com/envato/afela/html/faq.html]
[deothemes.com/envato/afela/html/404.html]
[deothemes.com/envato/afela/html/portfolio-4-col.html]
[deothemes.com/envato/afela/html/img/portfolio/8.jpg]
[deothemes.com/envato/afela/html/portfolio-3-col.html]
[deothemes.com/envato/afela/html/portfolio-2-col.html]
[deothemes.com/envato/afela/html/img/portfolio/2_big.jpg]
[deothemes.com/envato/afela/html/portfolio-single.html]
[deothemes.com/envato/afela/html/portfolio-5-col-wide.html]
[deothemes.com/envato/afela/html/portfolio-4-col-wide.html]
[deothemes.com/envato/afela/html/portfolio-3-col-wide.html]
[deothemes.com/envato/afela/html/portfolio-2-col-wide.html]
[deothemes.com/envato/afela/html/img/portfolio/masonry/6_long.jpg]
[deothemes.com/envato/afela/html/portfolio-5-col-masonry.html]
[deothemes.com/envato/afela/html/portfolio-4-col-masonry.html]
[deothemes.com/envato/afela/html/portfolio-3-col-masonry.html]
[deothemes.com/envato/afela/html/portfolio-2-col-masonry.html]
[deothemes.com/envato/afela/html/portfolio-5-col-title.html]
[deothemes.com/envato/afela/html/portfolio-4-col-title.html]
[deothemes.com/envato/afela/html/portfolio-3-col-title.html]
[deothemes.com/envato/afela/html/portfolio-2-col-title.html]
[deothemes.com/envato/afela/html/img/blog/post_img_1.jpg]
[deothemes.com/envato/afela/html/blog-standard.html]
[deothemes.com/envato/afela/html/img/blog/masonry_gallery_1.jpg]
[deothemes.com/envato/afela/html/img/blog/masonry_gallery_3.jpg]
[deothemes.com/envato/afela/html/img/blog/masonry_img_3.jpg]
[deothemes.com/envato/afela/html/img/blog/masonry_img_4.jpg]
[deothemes.com/envato/afela/html/blog-masonry.html]
[deothemes.com/envato/afela/html/blog-single.html]
[deothemes.com/envato/afela/html/blog-no-sidebar.html]
[deothemes.com/envato/afela/html/img/shop/shop_item_9_back.jpg]
[deothemes.com/envato/afela/html/img/shop/shop_item_11_back.jpg]
[deothemes.com/envato/afela/html/img/shop/shop_item_12.jpg]
[deothemes.com/envato/afela/html/img/shop/shop_item_12_back.jpg]
[deothemes.com/envato/afela/html/shop-catalog-grid.html]
[deothemes.com/envato/afela/html/shop-catalog-list.html]
[deothemes.com/envato/afela/html/img/shop/item_lg_1.jpg]
[deothemes.com/envato/afela/html/img/shop/item_lg_2.jpg]
[deothemes.com/envato/afela/html/img/shop/item_lg_3.jpg]
[deothemes.com/envato/afela/html/img/shop/item_lg_4.jpg]
[deothemes.com/envato/afela/html/img/shop/item_thumb_1.jpg]
[deothemes.com/envato/afela/html/img/shop/item_thumb_2.jpg]
[deothemes.com/envato/afela/html/img/shop/item_thumb_3.jpg]
[deothemes.com/envato/afela/html/img/shop/item_thumb_5.jpg]
[deothemes.com/envato/afela/html/shop-single-product.html]
[deothemes.com/envato/afela/html/shop-cart.html]
[deothemes.com/envato/afela/html/shop-checkout.html]
[deothemes.com/envato/afela/html/accordions.html]
[deothemes.com/envato/afela/html/alert-boxes.html]
[deothemes.com/envato/afela/html/img/animations_device.png]
[deothemes.com/envato/afela/html/animations.html]
[deothemes.com/envato/afela/html/buttons.html]
[deothemes.com/envato/afela/html/columns.html]
[deothemes.com/envato/afela/html/counters.html]
[deothemes.com/envato/afela/html/forms.html]
[deothemes.com/envato/afela/html/lightboxes.html]
[deothemes.com/envato/afela/html/icon-boxes.html]
[deothemes.com/envato/afela/html/pie-skills.html]
[deothemes.com/envato/afela/html/pricing-tables.html]
[deothemes.com/envato/afela/html/sliders.html]
[deothemes.com/envato/afela/html/socials.html]
[deothemes.com/envato/afela/html/tabs.html]
[deothemes.com/envato/afela/html/tables.html]
[deothemes.com/envato/afela/html/typography.html]
[deothemes.com/envato/afela/html/img/portfolio/2.jpg]
[deothemes.com/envato/afela/html/img/portfolio/4_big.jpg]
[deothemes.com/envato/afela/html/img/portfolio/5_big.jpg]
[deothemes.com/envato/afela/html/img/portfolio/9.jpg]
[deothemes.com/envato/afela/html/revolution/js/extensions/revolution.extension.slideanims.min.js]
[deothemes.com/envato/afela/html/fonts/glyphicons-halflings-regular.html]
[deothemes.com/envato/afela/html/fonts/glyphicons-halflings-regulard41d.html]
[deothemes.com/envato/afela/html/fonts/glyphicons-halflings-regular-2.html]
[deothemes.com/envato/afela/html/fonts/glyphicons-halflings-regular-3.html]
[deothemes.com/envato/afela/html/fonts/glyphicons-halflings-regular-4.html]
[deothemes.com/envato/afela/html/fonts/glyphicons-halflings-regular-5.html]
[deothemes.com/envato/afela/html/revolution/fonts/revicons/revicons90c6.svg]
[deothemes.com/envato/afela/html/revolution/css/openhand.html]
[deothemes.com/envato/afela/html/revolution/css/closedhand.html]
[deothemes.com/envato/afela/html/revolution/css/navigation.css]
[deothemes.com/envato/afela/html/revolution/css/layers.css]
[deothemes.com/envato/afela/html/fonts/fontawesome-webfont3295.svg]
[deothemes.com/envato/afela/html/revolution/js/extensions/revolution.extension.navigation.min.js]
[deothemes.com/envato/afela/html/fonts/et-line.svg]
[deothemes.com/envato/afela/html/fonts/themify9f24.html]
[deothemes.com/envato/afela/html/fonts/themifyd41d.html]
[deothemes.com/envato/afela/html/fonts/themify9f24-2.html]
[deothemes.com/envato/afela/html/fonts/themify9f24-3.html]
[deothemes.com/envato/afela/html/fonts/themify9f24-4.html]
[deothemes.com/envato/afela/html/fonts/et-line.woff]
[deothemes.com/envato/afela/html/fonts/ElegantIcons.svg]
[deothemes.com/envato/afela/html/css/fonts/flexslider-icon.html]
[deothemes.com/envato/afela/html/css/fonts/flexslider-icond41d.html]
[deothemes.com/envato/afela/html/css/fonts/flexslider-icon-2.html]
[deothemes.com/envato/afela/html/fonts/ElegantIconsd41d.eot]
[deothemes.com/envato/afela/html/css/fonts/flexslider-icon-3.html]
[deothemes.com/envato/afela/html/css/fonts/flexslider-icon.ttf]
[deothemes.com/envato/afela/html/img/portfolio_icon.png]
[deothemes.com/envato/afela/html/img/portfolio/5.jpg]
[deothemes.com/envato/afela/html/img/portfolio/6.jpg]
[deothemes.com/envato/afela/html/img/blog_2.jpg]
[deothemes.com/envato/afela/html/css/colors/blue.css]
[deothemes.com/envato/afela/html/about-us-2.html]
[deothemes.com/envato/afela/html/portfolio-4-col-2.html]
[deothemes.com/envato/afela/html/img/agency/cta_bg.jpg]
[deothemes.com/envato/afela/html/fonts/weathericons-regular-webfont.woff]
[deothemes.com/envato/afela/html/fonts/weathericons-regular-webfont.eot]
[deothemes.com/envato/afela/html/css/weather-icons.min.css]
[deothemes.com/envato/afela/html/img/magazine/4.jpg]
[deothemes.com/envato/afela/html/img/magazine/13.jpg]
[deothemes.com/envato/afela/html/img/photography/3.jpg]
[deothemes.com/envato/afela/html/services-2.html]
[deothemes.com/envato/afela/html/fonts/weathericons-regular-webfontd41d.eot]
[deothemes.com/envato/afela/html/img/photography/5.jpg]
[deothemes.com/envato/afela/html/img/photography/v2/3.jpg]
[deothemes.com/envato/afela/html/img/photography/v2/5.jpg]
[deothemes.com/envato/afela/html/portfolio-single-2.html]
[deothemes.com/envato/afela/html/img/photography/v3/3_big.jpg]
[deothemes.com/envato/afela/html/img/photography/v3/5_big.jpg]
[deothemes.com/envato/afela/html/img/photography/v3/6_big.jpg]
[deothemes.com/envato/afela/html/img/photography/v3/7_big.jpg]
[deothemes.com/envato/afela/html/img/photography/v3/9.jpg]
[deothemes.com/envato/afela/html/img/photography/v3/12_big.jpg]
[deothemes.com/envato/afela/html/img/photography/v3/13.jpg]
[deothemes.com/envato/afela/html/img/photography/v3/14_big.jpg]
[deothemes.com/envato/afela/html/img/photography/v3/16_big.jpg]
[deothemes.com/envato/afela/html/img/services_title_bg.jpg]
[deothemes.com/envato/afela/html/img/magazine/18.jpg]
[deothemes.com/envato/afela/html/img/blog/author.jpg]
[deothemes.com/envato/afela/html/img/blog/1.jpg]
[deothemes.com/envato/afela/html/img/blog/masonry_img_1.jpg]
[deothemes.com/envato/afela/html/img/blog/masonry_gallery_2.jpg]
[deothemes.com/envato/afela/html/img/blog/masonry_img_2.jpg]
[deothemes.com/envato/afela/html/img/shop/item_lg_5.jpg]
[deothemes.com/envato/afela/html/img/shop/item_thumb_4.jpg]
[deothemes.com/envato/afela/html/img/shop/paypal.png]
[deothemes.com/envato/afela/html/img/portfolio/7_big.jpg]
[deothemes.com/envato/afela/html/js/rev-slider.js]
[deothemes.com/envato/afela/html/checkout.html]
[deothemes.com/envato/afela/html/fonts/fontawesome-webfont3295.ttf]
[deothemes.com/envato/afela/html/fonts/ElegantIcons.woff]
[deothemes.com/envato/afela/html/css/fonts/flexslider-icon.ttf]
[deothemes.com/envato/afela/html/img/team_1.jpg]
[deothemes.com/envato/afela/html/fonts/weathericons-regular-webfont.ttf]
[deothemes.com/envato/afela/html/img/magazine/10.jpg]
[deothemes.com/envato/afela/html/img/photography/v2/4.jpg]
[deothemes.com/envato/afela/html/img/photography/v3/6_big.jpg]
[deothemes.com/envato/afela/html/img/photography/v3/8_big.jpg]
[deothemes.com/envato/afela/html/img/shop/shop_item_10_back.jpg]
[deothemes.com/envato/afela/html/checkout.html]
[deothemes.com/envato/afela/html/img/shop/promo_parallax.jpg]
[deothemes.com/envato/afela/html/img/shop/shop_item_10.jpg]
[deothemes.com/envato/afela/html/fonts/weathericons-regular-webfont.svg]
[deothemes.com/envato/afela/html/img/photography/4.jpg]
[deothemes.com/envato/afela/html/img/photography/v3/11_big.jpg]
[deothemes.com/envato/afela/html/fonts/weathericons-regular-webfont.svg]
