[html.themexriver.com/archipress/index-4.html]
[backblue.gif]
[fade.gif]
[index.html]
[html.themexriver.com/archipress/assets/css/bootstrap.min.css]
[html.themexriver.com/archipress/assets/css/flaticon.css]
[html.themexriver.com/archipress/assets/css/sitefont.css]
[html.themexriver.com/archipress/assets/css/fontawesome-all.css]
[html.themexriver.com/archipress/assets/css/owl.carousel.css]
[html.themexriver.com/archipress/assets/css/twenty.css]
[html.themexriver.com/archipress/assets/css/animate.css]
[html.themexriver.com/archipress/assets/css/video.min.css]
[html.themexriver.com/archipress/assets/css/style.css]
[html.themexriver.com/archipress/assets/img/logo/logo-5.png]
[html.themexriver.com/archipress/!]
[html.themexriver.com/archipress/index-1.html]
[html.themexriver.com/archipress/index-2.html]
[html.themexriver.com/archipress/index-3.html]
[html.themexriver.com/archipress/about.html]
[html.themexriver.com/archipress/shop.html]
[html.themexriver.com/archipress/shop-single.html]
[html.themexriver.com/archipress/cart.html]
[html.themexriver.com/archipress/service.html]
[html.themexriver.com/archipress/team.html]
[html.themexriver.com/archipress/team-single.html]
[html.themexriver.com/archipress/faq.html]
[html.themexriver.com/archipress/history.html]
[html.themexriver.com/archipress/contact.html]
[html.themexriver.com/archipress/portfolio.html]
[html.themexriver.com/archipress/blog.html]
[html.themexriver.com/archipress/blog-single.html]
[html.themexriver.com/archipress/404.html]
[html.themexriver.com/archipress/coming-soon.html]
[html.themexriver.com/archipress/mission.html]
[html.themexriver.com/archipress/pricing.html]
[html.themexriver.com/archipress/assets/img/instagram/ins1.jpg]
[html.themexriver.com/archipress/assets/img/instagram/ins2.jpg]
[html.themexriver.com/archipress/assets/img/instagram/ins3.jpg]
[html.themexriver.com/archipress/assets/img/instagram/ins4.jpg]
[html.themexriver.com/archipress/assets/img/instagram/ins5.jpg]
[html.themexriver.com/archipress/assets/img/instagram/ins6.jpg]
[html.themexriver.com/archipress/assets/img/logo/cls.png]
[html.themexriver.com/archipress/assets/img/logo/logo1.png]
[html.themexriver.com/archipress/assets/img/banner/sb4.jpg]
[html.themexriver.com/archipress/assets/img/about/ab1.jpg]
[html.themexriver.com/archipress/assets/img/banner/abf3.jpg]
[html.themexriver.com/archipress/assets/img/banner/abf4.jpg]
[html.themexriver.com/archipress/assets/img/client/c5.png]
[html.themexriver.com/archipress/assets/img/client/c2.png]
[html.themexriver.com/archipress/assets/img/portfolio/ptb1.jpg]
[html.themexriver.com/archipress/assets/img/pricing/pri1.png]
[html.themexriver.com/archipress/assets/img/pricing/pri2.png]
[html.themexriver.com/archipress/assets/img/pricing/pri3.png]
[html.themexriver.com/archipress/assets/img/banner/cbg.jpg]
[html.themexriver.com/archipress/assets/img/feature/cft1.jpg]
[html.themexriver.com/archipress/assets/img/blog/b1.jpg]
[html.themexriver.com/archipress/assets/img/blog/b2.jpg]
[html.themexriver.com/archipress/assets/img/blog/b3.jpg]
[html.themexriver.com/archipress/assets/img/footer/f1.jpg]
[html.themexriver.com/archipress/assets/img/logo/logo-2.png]
[html.themexriver.com/archipress/assets/js/jquery.min.js]
[html.themexriver.com/archipress/assets/js/bootstrap.min.js]
[html.themexriver.com/archipress/assets/js/popper.min.js]
[html.themexriver.com/archipress/assets/js/owl.carousel.min.js]
[html.themexriver.com/archipress/assets/js/owl.carousel2.thumbs.js]
[html.themexriver.com/archipress/assets/js/jarallax.js]
[html.themexriver.com/archipress/assets/js/jquery.magnific-popup.min.js]
[html.themexriver.com/archipress/assets/js/appear.js]
[html.themexriver.com/archipress/assets/js/wow.min.js]
[html.themexriver.com/archipress/assets/js/twenty.js]
[html.themexriver.com/archipress/assets/js/odometer.js]
[html.themexriver.com/archipress/index-4.html]
[html.themexriver.com/archipress/assets/css/bootstrap.min.css]
[html.themexriver.com/archipress/assets/js/script.js]
[html.themexriver.com/archipress/assets/fonts/Flaticon.eot]
[html.themexriver.com/archipress/assets/fonts/Flaticond41d.eot]
[html.themexriver.com/archipress/assets/fonts/Flaticon.woff2]
[html.themexriver.com/archipress/assets/fonts/Flaticon.woff]
[html.themexriver.com/archipress/assets/fonts/Flaticon.ttf]
[html.themexriver.com/archipress/assets/css/flaticon.css]
[html.themexriver.com/archipress/assets/fonts/Flaticon.svg]
[html.themexriver.com/archipress/assets/fonts/SpaceGrotesk-Bold.otf]
[html.themexriver.com/archipress/assets/fonts/SpaceGrotesk-Regular.otf]
[html.themexriver.com/archipress/assets/css/sitefont.css]
[html.themexriver.com/archipress/assets/fonts/fa-brands-400.eot]
[html.themexriver.com/archipress/assets/fonts/fa-brands-400d41d.eot]
[html.themexriver.com/archipress/assets/fonts/fa-brands-400.woff2]
[html.themexriver.com/archipress/assets/fonts/fa-brands-400.woff]
[html.themexriver.com/archipress/assets/fonts/fa-brands-400.ttf]
[html.themexriver.com/archipress/assets/fonts/fa-regular-400.eot]
[html.themexriver.com/archipress/assets/fonts/fa-brands-400.svg]
[html.themexriver.com/archipress/assets/fonts/fa-regular-400d41d.eot]
[html.themexriver.com/archipress/assets/fonts/fa-regular-400.woff2]
[html.themexriver.com/archipress/assets/fonts/fa-regular-400.woff]
[html.themexriver.com/archipress/assets/fonts/fa-regular-400.ttf]
[html.themexriver.com/archipress/assets/fonts/fa-regular-400.svg]
[html.themexriver.com/archipress/assets/fonts/fa-solid-900.eot]
[html.themexriver.com/archipress/assets/fonts/fa-solid-900d41d.eot]
[html.themexriver.com/archipress/assets/fonts/fa-solid-900.woff2]
[html.themexriver.com/archipress/assets/fonts/fa-solid-900.woff]
[html.themexriver.com/archipress/assets/fonts/fa-solid-900.ttf]
[html.themexriver.com/archipress/assets/css/fontawesome-all.css]
[html.themexriver.com/archipress/assets/fonts/fa-solid-900.svg]
[html.themexriver.com/archipress/assets/css/owl.video.play.png]
[html.themexriver.com/archipress/assets/css/owl.carousel.css]
[html.themexriver.com/archipress/assets/css/twenty.css]
[html.themexriver.com/archipress/assets/css/animate.css]
[dimsemenov.com/images/sm-logo-24x24.png]
[html.themexriver.com/archipress/assets/css/video.min.css]
[html.themexriver.com/archipress/assets/img/preloader.svg]
[html.themexriver.com/archipress/assets/img/cl.png]
[html.themexriver.com/archipress/assets/img/banner/babg1.jpg]
[html.themexriver.com/archipress/assets/img/banner/cbg2.jpg]
[html.themexriver.com/archipress/assets/img/banner/srbg.png]
[html.themexriver.com/archipress/assets/img/banner/tpbg.png]
[html.themexriver.com/archipress/assets/img/banner/fqbg.jpg]
[html.themexriver.com/archipress/assets/img/banner/hs.png]
[html.themexriver.com/archipress/assets/img/banner/fsbg.png]
[html.themexriver.com/archipress/assets/css/style.css]
[html.themexriver.com/archipress/!.html]
[html.themexriver.com/archipress/assets/css/odometer-theme-default.css]
[html.themexriver.com/archipress/assets/img/logo/logo-1.png]
[html.themexriver.com/archipress/assets/img/demo.jpg]
[html.themexriver.com/archipress/assets/img/banner/abf.jpg]
[html.themexriver.com/archipress/assets/img/banner/abf2.jpg]
[html.themexriver.com/archipress/assets/img/client/c1.png]
[html.themexriver.com/archipress/assets/img/client/c3.png]
[html.themexriver.com/archipress/assets/img/client/c4.png]
[html.themexriver.com/archipress/index-1.html]
[html.themexriver.com/archipress/assets/img/logo/logo-3.png]
[html.themexriver.com/archipress/assets/img/banner/slider-shape1.png]
[html.themexriver.com/archipress/assets/img/banner/sd2.jpg]
[html.themexriver.com/archipress/assets/img/about/ab2.jpg]
[html.themexriver.com/archipress/assets/img/about/ab3.jpg]
[html.themexriver.com/archipress/assets/img/about/ab4.jpg]
[html.themexriver.com/archipress/assets/img/team/tm1.jpg]
[html.themexriver.com/archipress/assets/img/team/tm2.jpg]
[html.themexriver.com/archipress/assets/img/team/tm3.jpg]
[html.themexriver.com/archipress/assets/img/team/tm4.jpg]
[html.themexriver.com/archipress/assets/img/team/tm5.jpg]
[html.themexriver.com/archipress/assets/img/banner/ivbg.png]
[html.themexriver.com/archipress/assets/img/portfolio/prt1.jpg]
[html.themexriver.com/archipress/assets/img/portfolio/prt2.jpg]
[html.themexriver.com/archipress/assets/img/portfolio/prt3.jpg]
[html.themexriver.com/archipress/assets/img/portfolio/prt4.jpg]
[html.themexriver.com/archipress/assets/img/testimonial/tst2.jpg]
[html.themexriver.com/archipress/assets/img/testimonial/tst3.jpg]
[html.themexriver.com/archipress/assets/img/testimonial/tst1.jpg]
[html.themexriver.com/archipress/assets/img/banner/nwsb.jpg]
[html.themexriver.com/archipress/assets/img/blog/bb1.jpg]
[html.themexriver.com/archipress/assets/img/blog/bb2.jpg]
[html.themexriver.com/archipress/assets/img/blog/bb3.jpg]
[html.themexriver.com/archipress/index-2.html]
[html.themexriver.com/archipress/assets/img/logo/logo-4.png]
[html.themexriver.com/archipress/assets/img/banner/mb1.jpg]
[html.themexriver.com/archipress/assets/img/about/abt1.jpg]
[html.themexriver.com/archipress/assets/img/about/ab5.jpg]
[html.themexriver.com/archipress/assets/img/portfolio/port1.jpg]
[html.themexriver.com/archipress/assets/img/portfolio/port2.jpg]
[html.themexriver.com/archipress/assets/img/portfolio/port3.jpg]
[html.themexriver.com/archipress/assets/img/portfolio/port4.jpg]
[html.themexriver.com/archipress/assets/img/portfolio/port5.jpg]
[html.themexriver.com/archipress/assets/img/client/cc1.jpg]
[html.themexriver.com/archipress/assets/img/client/cc2.jpg]
[html.themexriver.com/archipress/assets/img/client/cc3.jpg]
[html.themexriver.com/archipress/assets/img/client/cc4.jpg]
[html.themexriver.com/archipress/assets/img/client/cc5.jpg]
[html.themexriver.com/archipress/assets/img/banner/sbg.jpg]
[html.themexriver.com/archipress/assets/img/footer/f2.jpg]
[html.themexriver.com/archipress/assets/img/logo/logo-6.png]
[html.themexriver.com/archipress/index-3.html]
[html.themexriver.com/archipress/assets/css/jquery-ui.css]
[html.themexriver.com/archipress/assets/img/banner/brbg.jpg]
[html.themexriver.com/archipress/assets/img/about/ab6.jpg]
[html.themexriver.com/archipress/assets/img/banner/abpbg.png]
[html.themexriver.com/archipress/assets/js/jquery-ui.min.js]
[html.themexriver.com/archipress/assets/js/jquery.filterizr.js]
[html.themexriver.com/archipress/about.html]
[html.themexriver.com/archipress/assets/js/imagesloaded.pkgd.min.js]
[html.themexriver.com/archipress/assets/img/shop/sh1.jpg]
[html.themexriver.com/archipress/assets/img/shop/sh2.jpg]
[html.themexriver.com/archipress/assets/img/shop/sh3.jpg]
[html.themexriver.com/archipress/assets/img/shop/sh4.jpg]
[html.themexriver.com/archipress/assets/img/shop/sh5.jpg]
[html.themexriver.com/archipress/assets/img/shop/sh6.jpg]
[html.themexriver.com/archipress/assets/img/shop/sh7.jpg]
[html.themexriver.com/archipress/assets/img/shop/sh8.jpg]
[html.themexriver.com/archipress/assets/img/shop/sh9.jpg]
[html.themexriver.com/archipress/assets/img/shop/sh10.jpg]
[html.themexriver.com/archipress/assets/img/shop/sh11.jpg]
[html.themexriver.com/archipress/assets/img/shop/sh12.jpg]
[html.themexriver.com/archipress/shop.html]
[html.themexriver.com/archipress/assets/img/shop/sd1.jpg]
[html.themexriver.com/archipress/assets/img/blog/c2.jpg]
[html.themexriver.com/archipress/shop-single.html]
[html.themexriver.com/archipress/assets/img/shop/crt1.jpg]
[html.themexriver.com/archipress/cart.html]
[html.themexriver.com/archipress/assets/img/service/sr1.jpg]
[html.themexriver.com/archipress/assets/img/service/sr2.jpg]
[html.themexriver.com/archipress/assets/img/service/sr3.jpg]
[html.themexriver.com/archipress/assets/img/banner/sab.jpg]
[html.themexriver.com/archipress/service.html]
[html.themexriver.com/archipress/team.html]
[html.themexriver.com/archipress/assets/img/team/tmd1.jpg]
[html.themexriver.com/archipress/assets/img/banner/tss1.jpg]
[html.themexriver.com/archipress/team-single.html]
[html.themexriver.com/archipress/assets/img/banner/fqbg2.jpg]
[html.themexriver.com/archipress/assets/img/banner/fqbg3.jpg]
[html.themexriver.com/archipress/assets/img/icon/fh1.png]
[html.themexriver.com/archipress/assets/img/icon/fh2.png]
[html.themexriver.com/archipress/assets/img/icon/fh3.png]
[html.themexriver.com/archipress/faq.html]
[html.themexriver.com/archipress/assets/img/history/h1.jpg]
[html.themexriver.com/archipress/assets/img/history/h2.jpg]
[html.themexriver.com/archipress/assets/img/history/h3.jpg]
[html.themexriver.com/archipress/assets/img/history/h4.jpg]
[html.themexriver.com/archipress/history.html]
[html.themexriver.com/archipress/contact.html]
[html.themexriver.com/archipress/assets/img/portfolio/ppr1.jpg]
[html.themexriver.com/archipress/assets/img/portfolio/ppr2.jpg]
[html.themexriver.com/archipress/assets/img/portfolio/ppr3.jpg]
[html.themexriver.com/archipress/assets/img/portfolio/ppr4.jpg]
[html.themexriver.com/archipress/assets/img/portfolio/ppr5.jpg]
[html.themexriver.com/archipress/assets/img/portfolio/ppr6.jpg]
[html.themexriver.com/archipress/assets/img/portfolio/ppr7.jpg]
[html.themexriver.com/archipress/assets/img/portfolio/ppr8.jpg]
[html.themexriver.com/archipress/assets/img/portfolio/ppr9.jpg]
[html.themexriver.com/archipress/assets/img/portfolio/ppr10.jpg]
[html.themexriver.com/archipress/assets/img/portfolio/ppr11.jpg]
[html.themexriver.com/archipress/assets/img/portfolio/ppr12.jpg]
[html.themexriver.com/archipress/portfolio.html]
[html.themexriver.com/archipress/assets/img/blog/nb1.jpg]
[html.themexriver.com/archipress/assets/img/blog/bpa1.jpg]
[html.themexriver.com/archipress/assets/img/blog/nb2.jpg]
[html.themexriver.com/archipress/assets/img/blog/nb3.jpg]
[html.themexriver.com/archipress/assets/img/blog/qbp.png]
[html.themexriver.com/archipress/assets/img/blog/nbg.jpg]
[html.themexriver.com/archipress/assets/img/blog/abb1.jpg]
[html.themexriver.com/archipress/assets/img/blog/lpp1.jpg]
[html.themexriver.com/archipress/assets/img/blog/lpp2.jpg]
[html.themexriver.com/archipress/assets/img/blog/lpp3.jpg]
[html.themexriver.com/archipress/assets/img/blog/lpp4.jpg]
[html.themexriver.com/archipress/assets/img/instagram/ig1.jpg]
[html.themexriver.com/archipress/assets/img/instagram/ig2.jpg]
[html.themexriver.com/archipress/assets/img/instagram/ig3.jpg]
[html.themexriver.com/archipress/assets/img/instagram/ig4.jpg]
[html.themexriver.com/archipress/assets/img/instagram/ig5.jpg]
[html.themexriver.com/archipress/assets/img/instagram/ig6.jpg]
[html.themexriver.com/archipress/assets/img/instagram/ig7.jpg]
[html.themexriver.com/archipress/assets/img/instagram/ig8.jpg]
[html.themexriver.com/archipress/assets/img/instagram/ig9.jpg]
[html.themexriver.com/archipress/assets/img/blog/adb.jpg]
[html.themexriver.com/archipress/blog.html]
[html.themexriver.com/archipress/assets/img/blog/bdf1.jpg]
[html.themexriver.com/archipress/assets/img/blog/bds1.jpg]
[html.themexriver.com/archipress/assets/img/blog/br1.jpg]
[html.themexriver.com/archipress/assets/img/blog/br2.jpg]
[html.themexriver.com/archipress/assets/img/blog/ba1.jpg]
[html.themexriver.com/archipress/assets/img/blog/c1.jpg]
[html.themexriver.com/archipress/assets/img/blog/c3.jpg]
[html.themexriver.com/archipress/blog-single.html]
[html.themexriver.com/archipress/404.html]
[html.themexriver.com/archipress/coming-soon.html]
[html.themexriver.com/archipress/assets/img/icon/mf1.png]
[html.themexriver.com/archipress/assets/img/banner/msbg.jpg]
[html.themexriver.com/archipress/mission.html]
[html.themexriver.com/archipress/pricing.html]
[html.themexriver.com/archipress/assets/fonts/Flaticon.svg]
[html.themexriver.com/archipress/assets/fonts/fa-brands-400.svg]
[html.themexriver.com/archipress/assets/fonts/fa-regular-400.svg]
[html.themexriver.com/archipress/assets/fonts/SpaceGrotesk-SemiBold.otf]
[html.themexriver.com/archipress/assets/fonts/SpaceGrotesk-Medium.otf]
[html.themexriver.com/archipress/assets/fonts/fa-solid-900.svg]
[html.themexriver.com/archipress/assets/css/owl.video.play.html]
[html.themexriver.com/archipress/assets/img/preloader.svg]
[html.themexriver.com/archipress/assets/css/odometer-theme-default.css]
[html.themexriver.com/archipress/assets/css/images/ui-icons_444444_256x240.png]
[html.themexriver.com/archipress/assets/css/images/ui-icons_555555_256x240.png]
[html.themexriver.com/archipress/assets/css/images/ui-icons_ffffff_256x240.png]
[html.themexriver.com/archipress/assets/css/images/ui-icons_777620_256x240.png]
[html.themexriver.com/archipress/assets/css/images/ui-icons_cc0000_256x240.png]
[html.themexriver.com/archipress/assets/css/images/ui-icons_777777_256x240.png]
[html.themexriver.com/archipress/assets/css/jquery-ui.css]
[html.themexriver.com/archipress/assets/css/images/ui-icons_444444_256x240.html]
[html.themexriver.com/archipress/assets/css/images/ui-icons_555555_256x240.html]
[html.themexriver.com/archipress/assets/css/images/ui-icons_ffffff_256x240.html]
[html.themexriver.com/archipress/assets/css/images/ui-icons_777620_256x240.html]
[html.themexriver.com/archipress/assets/css/images/ui-icons_cc0000_256x240.html]
[html.themexriver.com/archipress/assets/css/images/ui-icons_777777_256x240.html]
[html.themexriver.com/archipress/assets/img/icon/mf3.png]
[html.themexriver.com/archipress/assets/img/icon/mf2.png]
