[quomodosoft.com/html/hodil/index.html]
[backblue.gif]
[fade.gif]
[index.html]
[quomodosoft.com/html/hodil/assets/img/icon/fabicon.png]
[quomodosoft.com/html/hodil/assets/css/plugins/animate.min.css]
[quomodosoft.com/html/hodil/assets/css/plugins/bootstrap.min.css]
[quomodosoft.com/html/hodil/assets/css/plugins/fontawesome.css]
[quomodosoft.com/html/hodil/assets/css/plugins/modal-video.min.css]
[quomodosoft.com/html/hodil/assets/css/plugins/stellarnav.css]
[quomodosoft.com/html/hodil/assets/css/plugins/owl.carousel.min.css]
[quomodosoft.com/html/hodil/assets/css/typography.css]
[quomodosoft.com/html/hodil/assets/css/button.css]
[quomodosoft.com/html/hodil/assets/css/inner.css]
[quomodosoft.com/html/hodil/assets/css/theme.css]
[quomodosoft.com/html/hodil/assets/css/responsive.css]
[quomodosoft.com/html/hodil/index-2.html]
[quomodosoft.com/html/hodil/assets/img/logo/logo.png]
[quomodosoft.com/html/hodil/index2.html]
[quomodosoft.com/html/hodil/about.html]
[quomodosoft.com/html/hodil/single.html]
[quomodosoft.com/html/hodil/single__service.html]
[quomodosoft.com/html/hodil/single__portfolio.html]
[quomodosoft.com/html/hodil/contact.html]
[quomodosoft.com/html/hodil/assets/img/bg/welcome__bg1.png]
[quomodosoft.com/html/hodil/assets/img/bg/slide__4.jpg]
[quomodosoft.com/html/hodil/assets/img/bg/slide__2.jpg]
[quomodosoft.com/html/hodil/assets/img/bg/slide__5.jpg]
[quomodosoft.com/html/hodil/assets/img/about/about1.png]
[quomodosoft.com/html/hodil/assets/img/icon/counter1.png]
[quomodosoft.com/html/hodil/assets/img/icon/counter2.png]
[quomodosoft.com/html/hodil/assets/img/icon/counter3.png]
[quomodosoft.com/html/hodil/assets/img/icon/counter4.png]
[quomodosoft.com/html/hodil/assets/img/service/service4.png]
[quomodosoft.com/html/hodil/assets/img/service/service5.png]
[quomodosoft.com/html/hodil/assets/img/service/service6.png]
[quomodosoft.com/html/hodil/assets/img/icon/work1.png]
[quomodosoft.com/html/hodil/assets/img/icon/work2.png]
[quomodosoft.com/html/hodil/assets/img/icon/work3.png]
[quomodosoft.com/html/hodil/assets/img/icon/work4.png]
[quomodosoft.com/html/hodil/assets/img/client/slide__2.jpg]
[quomodosoft.com/html/hodil/assets/img/icon/quote.png]
[quomodosoft.com/html/hodil/assets/img/blog/blog_1.jpg]
[quomodosoft.com/html/hodil/assets/img/blog/blog_2.jpg]
[quomodosoft.com/html/hodil/assets/img/blog/blog_3.jpg]
[quomodosoft.com/html/hodil/assets/img/contact/contact1.jpg]
[quomodosoft.com/html/hodil/assets/img/bg/footer__map.png]
[quomodosoft.com/cdn-cgi/scripts/5c5dd728/cloudflare-static/email-decode.min.js]
[quomodosoft.com/html/hodil/assets/js/plugins/jQuery.2.1.0.min.js]
[quomodosoft.com/html/hodil/assets/js/plugins/bootstrap.min.js]
[quomodosoft.com/html/hodil/assets/js/plugins/jquery.nav.js]
[quomodosoft.com/html/hodil/assets/js/plugins/jquery.waypoints.min.js]
[quomodosoft.com/html/hodil/assets/js/plugins/jquery-modal-video.min.js]
[quomodosoft.com/html/hodil/assets/js/plugins/stellarnav.js]
[quomodosoft.com/html/hodil/assets/js/plugins/popper.min.js]
[quomodosoft.com/html/hodil/assets/js/plugins/owl.carousel.min.js]
[quomodosoft.com/html/hodil/assets/js/plugins/wow.min.js]
[quomodosoft.com/html/hodil/assets/js/plugins/jquery.counterup.js]
[quomodosoft.com/html/hodil/assets/js/main.js]
[quomodosoft.com/html/hodil/assets/js/plugins-active.js]
[quomodosoft.com/html/hodil/index.html]
[quomodosoft.com/html/hodil/assets/css/plugins/animate.min.css]
[quomodosoft.com/html/hodil/assets/css/plugins/bootstrap.min.css]
[static.cloudflareinsights.com/beacon.min.js]
[quomodosoft.com/html/hodil/assets/fonts/fa-brands-400.eot]
[quomodosoft.com/html/hodil/assets/fonts/fa-brands-400d41d.eot]
[quomodosoft.com/html/hodil/assets/fonts/fa-brands-400.woff2]
[quomodosoft.com/html/hodil/assets/fonts/fa-brands-400.woff]
[quomodosoft.com/html/hodil/assets/fonts/fa-brands-400.ttf]
[quomodosoft.com/html/hodil/assets/fonts/fa-brands-400.svg]
[quomodosoft.com/html/hodil/assets/fonts/fa-light-300.eot]
[quomodosoft.com/html/hodil/assets/fonts/fa-light-300d41d.eot]
[quomodosoft.com/html/hodil/assets/fonts/fa-light-300.woff2]
[quomodosoft.com/html/hodil/assets/fonts/fa-light-300.woff]
[quomodosoft.com/html/hodil/assets/fonts/fa-light-300.ttf]
[quomodosoft.com/html/hodil/assets/fonts/fa-light-300.svg]
[quomodosoft.com/html/hodil/assets/fonts/fa-regular-400.eot]
[quomodosoft.com/html/hodil/assets/fonts/fa-regular-400d41d.eot]
[quomodosoft.com/html/hodil/assets/fonts/fa-regular-400.woff2]
[quomodosoft.com/html/hodil/assets/fonts/fa-regular-400.woff]
[quomodosoft.com/html/hodil/assets/fonts/fa-regular-400.ttf]
[quomodosoft.com/html/hodil/assets/fonts/fa-regular-400.svg]
[quomodosoft.com/html/hodil/assets/fonts/fa-solid-900.eot]
[quomodosoft.com/html/hodil/assets/fonts/fa-solid-900d41d.eot]
[quomodosoft.com/html/hodil/assets/fonts/fa-solid-900.woff2]
[quomodosoft.com/html/hodil/assets/fonts/fa-solid-900.woff]
[quomodosoft.com/html/hodil/assets/fonts/fa-solid-900.ttf]
[quomodosoft.com/html/hodil/assets/css/plugins/fontawesome.css]
[quomodosoft.com/html/hodil/assets/css/plugins/modal-video.min.css]
[quomodosoft.com/html/hodil/assets/css/plugins/stellarnav.css]
[quomodosoft.com/html/hodil/assets/fonts/fa-solid-900.svg]
[quomodosoft.com/html/hodil/assets/css/plugins/owl.video.play.png]
[quomodosoft.com/html/hodil/assets/css/plugins/owl.carousel.min.css]
[quomodosoft.com/html/hodil/assets/css/typography.css]
[quomodosoft.com/html/hodil/assets/css/button.css]
[quomodosoft.com/html/hodil/assets/css/inner.css]
[quomodosoft.com/html/hodil/assets/img/bg/video2bg.jpg]
[quomodosoft.com/html/hodil/assets/css/theme.css]
[quomodosoft.com/html/hodil/assets/css/responsive.css]
[quomodosoft.com/html/hodil/index-2.html]
[quomodosoft.com/html/hodil/assets/img/bg/welcome2.jpg]
[quomodosoft.com/html/hodil/assets/img/service/service3.png]
[quomodosoft.com/html/hodil/assets/img/service/service2.png]
[quomodosoft.com/html/hodil/assets/img/service/service1.png]
[quomodosoft.com/html/hodil/assets/img/icon/bulate1.png]
[quomodosoft.com/html/hodil/assets/img/icon/bulate2.png]
[quomodosoft.com/html/hodil/assets/img/icon/bulate3.png]
[quomodosoft.com/html/hodil/assets/img/icon/bulate4.png]
[quomodosoft.com/html/hodil/assets/img/bg/bulate__bg.jpg]
[quomodosoft.com/html/hodil/index2.html]
[quomodosoft.com/html/hodil/assets/img/icon/scroll.png]
[quomodosoft.com/html/hodil/assets/img/about/aboutbg.jpg]
[quomodosoft.com/html/hodil/assets/img/team/team31.jpg]
[quomodosoft.com/html/hodil/assets/img/team/team41.jpg]
[quomodosoft.com/html/hodil/assets/img/team/team32.jpg]
[quomodosoft.com/html/hodil/assets/img/team/team33.jpg]
[quomodosoft.com/html/hodil/assets/img/team/team34.jpg]
[quomodosoft.com/html/hodil/assets/img/team/team35.jpg]
[quomodosoft.com/html/hodil/assets/img/team/team36.jpg]
[quomodosoft.com/html/hodil/assets/img/team/team37.jpg]
[quomodosoft.com/html/hodil/about.html]
[quomodosoft.com/html/hodil/assets/img/portfolio/portfolio1.jpg]
[quomodosoft.com/html/hodil/assets/img/icon/quote2.png]
[quomodosoft.com/html/hodil/single.html]
[quomodosoft.com/html/hodil/assets/img/bg/inner.jpg]
[quomodosoft.com/html/hodil/assets/img/bg/client__carousel__bg.jpg]
[quomodosoft.com/html/hodil/single__service.html]
[quomodosoft.com/html/hodil/single__portfolio.html]
[quomodosoft.com/html/hodil/assets/img/contact/contact__map.png]
[quomodosoft.com/html/hodil/contact.html]
[quomodosoft.com/html/hodil/assets/fonts/fa-brands-400.svg]
[quomodosoft.com/html/hodil/assets/fonts/fa-light-300.svg]
[quomodosoft.com/html/hodil/assets/fonts/fa-regular-400.svg]
[quomodosoft.com/html/hodil/assets/fonts/fa-solid-900.svg]
[quomodosoft.com/html/hodil/assets/css/plugins/owl.video.play.html]
